
cr[PC]:0x28; ir[x5,t0]:0xa; ir[x6,t1]:0xd; ir[x7,t2]:0x2d; ir[x8,fp,s0]:0xfffffffe; ir[x11,a1]:0x2c; ir[x12,a2]:0x9; keyboard[0x0]:''; display[0x0]:''; 

