
cr[PC]:0x3c; ir[x5,t0]:0xaad4; ir[x6,t1]:0x11d7; ir[x7,t2]:0xffffdaf2; ir[x8,fp,s0]:0x2; ir[x9,s1]:0x1; ir[x10,a0]:0x554; ir[x11,a1]:0x2ab5; ir[x12,a2]:0x8eb; ir[x13,a3]:0xfff; keyboard[0x0]:''; display[0x0]:''; 

